ARM GAS  C:\Users\55ron\AppData\Local\Temp\ccmSKwy2.s 			page 1


   1              		.syntax unified
   2              		.cpu cortex-m0
   3              		.fpu softvfp
   4              		.eabi_attribute 20, 1
   5              		.eabi_attribute 21, 1
   6              		.eabi_attribute 23, 3
   7              		.eabi_attribute 24, 1
   8              		.eabi_attribute 25, 1
   9              		.eabi_attribute 26, 1
  10              		.eabi_attribute 30, 1
  11              		.eabi_attribute 34, 0
  12              		.eabi_attribute 18, 4
  13              		.thumb
  14              		.syntax unified
  15              		.file	"main.c"
  16              		.text
  17              	.Ltext0:
  18              		.cfi_sections	.debug_frame
  19              		.section	.text.initMatrix,"ax",%progbits
  20              		.align	2
  21              		.code	16
  22              		.thumb_func
  23              		.type	initMatrix, %function
  24              	initMatrix:
  25              	.LFB34:
  26              		.file 1 "main.c"
   1:main.c        **** #include "project.h"
   2:main.c        **** static const uint8_t segMap[] = {
   3:main.c        ****     0xC0, 0xF9, 0xA4, 0xB0,
   4:main.c        ****     0x99, 0x92, 0x82, 0xF8,
   5:main.c        ****     0x80, 0x90, 0x88, 0x83
   6:main.c        **** };
   7:main.c        **** 
   8:main.c        **** static void shiftOut(uint8_t val) {
   9:main.c        ****     for (int8_t bit = 0; bit < 8; bit++) {
  10:main.c        ****         Pin_DO_Write((val & (0x80 >> bit)) ? 1 : 0);
  11:main.c        **** 
  12:main.c        ****         Pin_CLK_Write(1);
  13:main.c        ****         Pin_CLK_Write(0);
  14:main.c        ****     }
  15:main.c        **** }
  16:main.c        **** 
  17:main.c        **** static void displayDigit(uint8_t index, uint8_t value, uint8_t dp) {
  18:main.c        ****     uint8_t posMask = ~(1 << index);
  19:main.c        **** 
  20:main.c        ****     shiftOut(0xFF & posMask);
  21:main.c        **** 
  22:main.c        ****     uint8_t pattern = segMap[value];
  23:main.c        ****     if (dp) pattern &= 0x7F;
  24:main.c        **** 
  25:main.c        ****     shiftOut(pattern);
  26:main.c        **** 
  27:main.c        ****     Pin_Latch_Write(1);
  28:main.c        ****     Pin_Latch_Write(0);
  29:main.c        **** }
  30:main.c        **** 
  31:main.c        **** static void (*colMode[3])(uint8_t) = {
ARM GAS  C:\Users\55ron\AppData\Local\Temp\ccmSKwy2.s 			page 2


  32:main.c        ****     C_1_SetDriveMode, C_2_SetDriveMode, C_3_SetDriveMode
  33:main.c        **** };
  34:main.c        **** 
  35:main.c        **** static void (*colWrite[3])(uint8_t) = {
  36:main.c        ****     C_1_Write, C_2_Write, C_3_Write
  37:main.c        **** };
  38:main.c        **** 
  39:main.c        **** static uint8 (*rowRead[4])(void) = {
  40:main.c        ****     R_1_Read, R_2_Read, R_3_Read, R_4_Read
  41:main.c        **** };
  42:main.c        **** 
  43:main.c        **** static uint8_t keyState[4][3];
  44:main.c        **** 
  45:main.c        **** static const uint8_t keyMap[4][3] = {
  46:main.c        ****     {1, 2, 3},
  47:main.c        ****     {4, 5, 6},
  48:main.c        ****     {7, 8, 9},
  49:main.c        ****     {10, 0, 11}
  50:main.c        **** };
  51:main.c        **** 
  52:main.c        **** static void initMatrix(void) {
  27              		.loc 1 52 0
  28              		.cfi_startproc
  29              		@ args = 0, pretend = 0, frame = 0
  30              		@ frame_needed = 0, uses_anonymous_args = 0
  31 0000 10B5     		push	{r4, lr}
  32              		.cfi_def_cfa_offset 8
  33              		.cfi_offset 4, -8
  34              		.cfi_offset 14, -4
  35              	.LVL0:
  36              	.LBB2:
  53:main.c        ****     for (uint8_t i = 0; i < 3; i++) {
  37              		.loc 1 53 0
  38 0002 0024     		movs	r4, #0
  39 0004 06E0     		b	.L2
  40              	.LVL1:
  41              	.L3:
  54:main.c        ****         colMode[i](C_1_DM_DIG_HIZ);
  42              		.loc 1 54 0 discriminator 3
  43 0006 A200     		lsls	r2, r4, #2
  44 0008 044B     		ldr	r3, .L4
  45 000a D358     		ldr	r3, [r2, r3]
  46 000c 0120     		movs	r0, #1
  47 000e 9847     		blx	r3
  48              	.LVL2:
  53:main.c        ****     for (uint8_t i = 0; i < 3; i++) {
  49              		.loc 1 53 0 discriminator 3
  50 0010 0134     		adds	r4, r4, #1
  51              	.LVL3:
  52 0012 E4B2     		uxtb	r4, r4
  53              	.LVL4:
  54              	.L2:
  53:main.c        ****     for (uint8_t i = 0; i < 3; i++) {
  55              		.loc 1 53 0 is_stmt 0 discriminator 1
  56 0014 022C     		cmp	r4, #2
  57 0016 F6D9     		bls	.L3
  58              	.LBE2:
ARM GAS  C:\Users\55ron\AppData\Local\Temp\ccmSKwy2.s 			page 3


  55:main.c        ****     }
  56:main.c        **** }
  59              		.loc 1 56 0 is_stmt 1
  60              		@ sp needed
  61              	.LVL5:
  62 0018 10BD     		pop	{r4, pc}
  63              	.L5:
  64 001a C046     		.align	2
  65              	.L4:
  66 001c 00000000 		.word	.LANCHOR0
  67              		.cfi_endproc
  68              	.LFE34:
  69              		.size	initMatrix, .-initMatrix
  70              		.section	.text.scanMatrix,"ax",%progbits
  71              		.align	2
  72              		.code	16
  73              		.thumb_func
  74              		.type	scanMatrix, %function
  75              	scanMatrix:
  76              	.LFB35:
  57:main.c        **** 
  58:main.c        **** static void scanMatrix(void) {
  77              		.loc 1 58 0
  78              		.cfi_startproc
  79              		@ args = 0, pretend = 0, frame = 0
  80              		@ frame_needed = 0, uses_anonymous_args = 0
  81 0000 70B5     		push	{r4, r5, r6, lr}
  82              		.cfi_def_cfa_offset 16
  83              		.cfi_offset 4, -16
  84              		.cfi_offset 5, -12
  85              		.cfi_offset 6, -8
  86              		.cfi_offset 14, -4
  87              	.LVL6:
  88              	.LBB3:
  59:main.c        ****     for (uint8_t c = 0; c < 3; c++) {
  89              		.loc 1 59 0
  90 0002 0026     		movs	r6, #0
  91 0004 1CE0     		b	.L7
  92              	.LVL7:
  93              	.L10:
  60:main.c        ****         colMode[c](C_1_DM_STRONG);
  94              		.loc 1 60 0
  95 0006 3500     		movs	r5, r6
  96 0008 B300     		lsls	r3, r6, #2
  97 000a 0F4A     		ldr	r2, .L11
  98 000c 9B58     		ldr	r3, [r3, r2]
  99 000e 0620     		movs	r0, #6
 100 0010 9847     		blx	r3
 101              	.LVL8:
 102              	.LBB4:
  61:main.c        ****         colWrite;
  62:main.c        **** 
  63:main.c        ****         for (uint8_t r = 0; r < 4; r++) {
 103              		.loc 1 63 0
 104 0012 0024     		movs	r4, #0
 105 0014 0BE0     		b	.L8
 106              	.LVL9:
ARM GAS  C:\Users\55ron\AppData\Local\Temp\ccmSKwy2.s 			page 4


 107              	.L9:
  64:main.c        ****             keyState[r][c] = rowRead[r]();
 108              		.loc 1 64 0 discriminator 3
 109 0016 A300     		lsls	r3, r4, #2
 110 0018 0B4A     		ldr	r2, .L11
 111 001a D318     		adds	r3, r2, r3
 112 001c DB68     		ldr	r3, [r3, #12]
 113 001e 9847     		blx	r3
 114              	.LVL10:
 115 0020 6300     		lsls	r3, r4, #1
 116 0022 1B19     		adds	r3, r3, r4
 117 0024 094A     		ldr	r2, .L11+4
 118 0026 D318     		adds	r3, r2, r3
 119 0028 5855     		strb	r0, [r3, r5]
  63:main.c        ****             keyState[r][c] = rowRead[r]();
 120              		.loc 1 63 0 discriminator 3
 121 002a 0134     		adds	r4, r4, #1
 122              	.LVL11:
 123 002c E4B2     		uxtb	r4, r4
 124              	.LVL12:
 125              	.L8:
  63:main.c        ****             keyState[r][c] = rowRead[r]();
 126              		.loc 1 63 0 is_stmt 0 discriminator 1
 127 002e 032C     		cmp	r4, #3
 128 0030 F1D9     		bls	.L9
 129              	.LBE4:
  65:main.c        ****         }
  66:main.c        **** 
  67:main.c        ****         colMode[c](C_1_DM_DIG_HIZ);
 130              		.loc 1 67 0 is_stmt 1 discriminator 2
 131 0032 AD00     		lsls	r5, r5, #2
 132 0034 044B     		ldr	r3, .L11
 133 0036 EB58     		ldr	r3, [r5, r3]
 134 0038 0120     		movs	r0, #1
 135 003a 9847     		blx	r3
 136              	.LVL13:
  59:main.c        ****         colMode[c](C_1_DM_STRONG);
 137              		.loc 1 59 0 discriminator 2
 138 003c 0136     		adds	r6, r6, #1
 139              	.LVL14:
 140 003e F6B2     		uxtb	r6, r6
 141              	.LVL15:
 142              	.L7:
  59:main.c        ****         colMode[c](C_1_DM_STRONG);
 143              		.loc 1 59 0 is_stmt 0 discriminator 1
 144 0040 022E     		cmp	r6, #2
 145 0042 E0D9     		bls	.L10
 146              	.LBE3:
  68:main.c        ****     }
  69:main.c        **** }
 147              		.loc 1 69 0 is_stmt 1
 148              		@ sp needed
 149              	.LVL16:
 150 0044 70BD     		pop	{r4, r5, r6, pc}
 151              	.L12:
 152 0046 C046     		.align	2
 153              	.L11:
ARM GAS  C:\Users\55ron\AppData\Local\Temp\ccmSKwy2.s 			page 5


 154 0048 00000000 		.word	.LANCHOR0
 155 004c 00000000 		.word	.LANCHOR1
 156              		.cfi_endproc
 157              	.LFE35:
 158              		.size	scanMatrix, .-scanMatrix
 159              		.section	.text.shiftOut,"ax",%progbits
 160              		.align	2
 161              		.code	16
 162              		.thumb_func
 163              		.type	shiftOut, %function
 164              	shiftOut:
 165              	.LFB32:
   8:main.c        ****     for (int8_t bit = 0; bit < 8; bit++) {
 166              		.loc 1 8 0
 167              		.cfi_startproc
 168              		@ args = 0, pretend = 0, frame = 0
 169              		@ frame_needed = 0, uses_anonymous_args = 0
 170              	.LVL17:
 171 0000 70B5     		push	{r4, r5, r6, lr}
 172              		.cfi_def_cfa_offset 16
 173              		.cfi_offset 4, -16
 174              		.cfi_offset 5, -12
 175              		.cfi_offset 6, -8
 176              		.cfi_offset 14, -4
 177 0002 0500     		movs	r5, r0
 178              	.LVL18:
 179              	.LBB5:
   9:main.c        ****         Pin_DO_Write((val & (0x80 >> bit)) ? 1 : 0);
 180              		.loc 1 9 0
 181 0004 0024     		movs	r4, #0
 182 0006 0FE0     		b	.L14
 183              	.LVL19:
 184              	.L15:
  10:main.c        **** 
 185              		.loc 1 10 0 discriminator 3
 186 0008 8020     		movs	r0, #128
 187 000a 2041     		asrs	r0, r0, r4
 188 000c 2840     		ands	r0, r5
 189 000e 431E     		subs	r3, r0, #1
 190 0010 9841     		sbcs	r0, r0, r3
 191 0012 C0B2     		uxtb	r0, r0
 192 0014 FFF7FEFF 		bl	Pin_DO_Write
 193              	.LVL20:
  12:main.c        ****         Pin_CLK_Write(0);
 194              		.loc 1 12 0 discriminator 3
 195 0018 0120     		movs	r0, #1
 196 001a FFF7FEFF 		bl	Pin_CLK_Write
 197              	.LVL21:
  13:main.c        ****     }
 198              		.loc 1 13 0 discriminator 3
 199 001e 0020     		movs	r0, #0
 200 0020 FFF7FEFF 		bl	Pin_CLK_Write
 201              	.LVL22:
   9:main.c        ****         Pin_DO_Write((val & (0x80 >> bit)) ? 1 : 0);
 202              		.loc 1 9 0 discriminator 3
 203 0024 0134     		adds	r4, r4, #1
 204              	.LVL23:
ARM GAS  C:\Users\55ron\AppData\Local\Temp\ccmSKwy2.s 			page 6


 205 0026 64B2     		sxtb	r4, r4
 206              	.LVL24:
 207              	.L14:
   9:main.c        ****         Pin_DO_Write((val & (0x80 >> bit)) ? 1 : 0);
 208              		.loc 1 9 0 is_stmt 0 discriminator 1
 209 0028 072C     		cmp	r4, #7
 210 002a EDDD     		ble	.L15
 211              	.LBE5:
  15:main.c        **** 
 212              		.loc 1 15 0 is_stmt 1
 213              		@ sp needed
 214              	.LVL25:
 215 002c 70BD     		pop	{r4, r5, r6, pc}
 216              		.cfi_endproc
 217              	.LFE32:
 218              		.size	shiftOut, .-shiftOut
 219 002e C046     		.section	.text.displayDigit,"ax",%progbits
 220              		.align	2
 221              		.code	16
 222              		.thumb_func
 223              		.type	displayDigit, %function
 224              	displayDigit:
 225              	.LFB33:
  17:main.c        ****     uint8_t posMask = ~(1 << index);
 226              		.loc 1 17 0
 227              		.cfi_startproc
 228              		@ args = 0, pretend = 0, frame = 0
 229              		@ frame_needed = 0, uses_anonymous_args = 0
 230              	.LVL26:
 231 0000 70B5     		push	{r4, r5, r6, lr}
 232              		.cfi_def_cfa_offset 16
 233              		.cfi_offset 4, -16
 234              		.cfi_offset 5, -12
 235              		.cfi_offset 6, -8
 236              		.cfi_offset 14, -4
 237 0002 0300     		movs	r3, r0
 238 0004 0C00     		movs	r4, r1
 239 0006 1500     		movs	r5, r2
  18:main.c        **** 
 240              		.loc 1 18 0
 241 0008 0120     		movs	r0, #1
 242              	.LVL27:
 243 000a 9840     		lsls	r0, r0, r3
 244 000c C043     		mvns	r0, r0
 245 000e C0B2     		uxtb	r0, r0
 246              	.LVL28:
  20:main.c        **** 
 247              		.loc 1 20 0
 248 0010 FFF7FEFF 		bl	shiftOut
 249              	.LVL29:
  22:main.c        ****     if (dp) pattern &= 0x7F;
 250              		.loc 1 22 0
 251 0014 074B     		ldr	r3, .L18
 252 0016 1C19     		adds	r4, r3, r4
 253 0018 207F     		ldrb	r0, [r4, #28]
 254              	.LVL30:
  23:main.c        **** 
ARM GAS  C:\Users\55ron\AppData\Local\Temp\ccmSKwy2.s 			page 7


 255              		.loc 1 23 0
 256 001a 002D     		cmp	r5, #0
 257 001c 01D0     		beq	.L17
  23:main.c        **** 
 258              		.loc 1 23 0 is_stmt 0 discriminator 1
 259 001e 7F23     		movs	r3, #127
 260 0020 1840     		ands	r0, r3
 261              	.LVL31:
 262              	.L17:
  25:main.c        **** 
 263              		.loc 1 25 0 is_stmt 1
 264 0022 FFF7FEFF 		bl	shiftOut
 265              	.LVL32:
  27:main.c        ****     Pin_Latch_Write(0);
 266              		.loc 1 27 0
 267 0026 0120     		movs	r0, #1
 268 0028 FFF7FEFF 		bl	Pin_Latch_Write
 269              	.LVL33:
  28:main.c        **** }
 270              		.loc 1 28 0
 271 002c 0020     		movs	r0, #0
 272 002e FFF7FEFF 		bl	Pin_Latch_Write
 273              	.LVL34:
  29:main.c        **** 
 274              		.loc 1 29 0
 275              		@ sp needed
 276 0032 70BD     		pop	{r4, r5, r6, pc}
 277              	.L19:
 278              		.align	2
 279              	.L18:
 280 0034 00000000 		.word	.LANCHOR0
 281              		.cfi_endproc
 282              	.LFE33:
 283              		.size	displayDigit, .-displayDigit
 284              		.section	.text.main,"ax",%progbits
 285              		.align	2
 286              		.global	main
 287              		.code	16
 288              		.thumb_func
 289              		.type	main, %function
 290              	main:
 291              	.LFB36:
  70:main.c        **** 
  71:main.c        **** int main(void) {
 292              		.loc 1 71 0
 293              		.cfi_startproc
 294              		@ args = 0, pretend = 0, frame = 0
 295              		@ frame_needed = 0, uses_anonymous_args = 0
 296 0000 70B5     		push	{r4, r5, r6, lr}
 297              		.cfi_def_cfa_offset 16
 298              		.cfi_offset 4, -16
 299              		.cfi_offset 5, -12
 300              		.cfi_offset 6, -8
 301              		.cfi_offset 14, -4
  72:main.c        ****     CyGlobalIntEnable;
 302              		.loc 1 72 0
 303              		.syntax divided
ARM GAS  C:\Users\55ron\AppData\Local\Temp\ccmSKwy2.s 			page 8


 304              	@ 72 "main.c" 1
 305 0002 62B6     		CPSIE   i
 306              	@ 0 "" 2
  73:main.c        **** 
  74:main.c        ****     SW_Tx_UART_Start();
 307              		.loc 1 74 0
 308              		.thumb
 309              		.syntax unified
 310 0004 FFF7FEFF 		bl	SW_Tx_UART_Start
 311              	.LVL35:
  75:main.c        ****     SW_Tx_UART_PutString("Lab 4 Started\r\n");
 312              		.loc 1 75 0
 313 0008 1948     		ldr	r0, .L27
 314 000a FFF7FEFF 		bl	SW_Tx_UART_PutString
 315              	.LVL36:
  76:main.c        **** 
  77:main.c        ****     initMatrix();
 316              		.loc 1 77 0
 317 000e FFF7FEFF 		bl	initMatrix
 318              	.LVL37:
  78:main.c        **** 
  79:main.c        ****     displayDigit(0, 0, 0);
 319              		.loc 1 79 0
 320 0012 0022     		movs	r2, #0
 321 0014 0021     		movs	r1, #0
 322 0016 0020     		movs	r0, #0
 323 0018 FFF7FEFF 		bl	displayDigit
 324              	.LVL38:
 325              	.L25:
  80:main.c        **** 
  81:main.c        ****     while (1) {
  82:main.c        ****         scanMatrix();
 326              		.loc 1 82 0
 327 001c FFF7FEFF 		bl	scanMatrix
 328              	.LVL39:
 329              	.LBB6:
  83:main.c        **** 
  84:main.c        ****         for (uint8_t r = 0; r < 4; r++) {
 330              		.loc 1 84 0
 331 0020 0025     		movs	r5, #0
 332 0022 1EE0     		b	.L21
 333              	.LVL40:
 334              	.L23:
 335              	.LBB7:
  85:main.c        ****             for (uint8_t c = 0; c < 3; c++) {
  86:main.c        **** 
  87:main.c        ****                 if (keyState[r][c] == 0) {
 336              		.loc 1 87 0
 337 0024 6B00     		lsls	r3, r5, #1
 338 0026 5B19     		adds	r3, r3, r5
 339 0028 124A     		ldr	r2, .L27+4
 340 002a D318     		adds	r3, r2, r3
 341 002c 1B5D     		ldrb	r3, [r3, r4]
 342 002e 002B     		cmp	r3, #0
 343 0030 0FD1     		bne	.L22
 344              	.LBB8:
  88:main.c        ****                     uint8_t key = keyMap[r][c];
ARM GAS  C:\Users\55ron\AppData\Local\Temp\ccmSKwy2.s 			page 9


 345              		.loc 1 88 0
 346 0032 6B00     		lsls	r3, r5, #1
 347 0034 5B19     		adds	r3, r3, r5
 348 0036 104A     		ldr	r2, .L27+8
 349 0038 D318     		adds	r3, r2, r3
 350 003a 1B19     		adds	r3, r3, r4
 351 003c 2822     		movs	r2, #40
 352 003e 995C     		ldrb	r1, [r3, r2]
 353              	.LVL41:
  89:main.c        **** 
  90:main.c        ****                     if (key < 12) {
 354              		.loc 1 90 0
 355 0040 0B29     		cmp	r1, #11
 356 0042 06D8     		bhi	.L22
  91:main.c        ****                         displayDigit(0, key, 0);
 357              		.loc 1 91 0
 358 0044 0022     		movs	r2, #0
 359 0046 0020     		movs	r0, #0
 360 0048 FFF7FEFF 		bl	displayDigit
 361              	.LVL42:
  92:main.c        ****                         SW_Tx_UART_PutString("Key Pressed\r\n");
 362              		.loc 1 92 0
 363 004c 0B48     		ldr	r0, .L27+12
 364 004e FFF7FEFF 		bl	SW_Tx_UART_PutString
 365              	.LVL43:
 366              	.L22:
 367              	.LBE8:
  85:main.c        **** 
 368              		.loc 1 85 0 discriminator 2
 369 0052 0134     		adds	r4, r4, #1
 370              	.LVL44:
 371 0054 E4B2     		uxtb	r4, r4
 372              	.LVL45:
 373 0056 00E0     		b	.L24
 374              	.LVL46:
 375              	.L26:
 376              	.LBE7:
 377 0058 0024     		movs	r4, #0
 378              	.L24:
 379              	.LVL47:
 380              	.LBB9:
  85:main.c        **** 
 381              		.loc 1 85 0 is_stmt 0 discriminator 1
 382 005a 022C     		cmp	r4, #2
 383 005c E2D9     		bls	.L23
 384              	.LBE9:
  84:main.c        ****             for (uint8_t c = 0; c < 3; c++) {
 385              		.loc 1 84 0 is_stmt 1 discriminator 2
 386 005e 0135     		adds	r5, r5, #1
 387              	.LVL48:
 388 0060 EDB2     		uxtb	r5, r5
 389              	.LVL49:
 390              	.L21:
  84:main.c        ****             for (uint8_t c = 0; c < 3; c++) {
 391              		.loc 1 84 0 is_stmt 0 discriminator 1
 392 0062 032D     		cmp	r5, #3
 393 0064 F8D9     		bls	.L26
ARM GAS  C:\Users\55ron\AppData\Local\Temp\ccmSKwy2.s 			page 10


 394              	.LBE6:
  93:main.c        ****                     }
  94:main.c        ****                 }
  95:main.c        **** 
  96:main.c        ****             }
  97:main.c        ****         }
  98:main.c        **** 
  99:main.c        ****         CyDelay(50);
 395              		.loc 1 99 0 is_stmt 1
 396 0066 3220     		movs	r0, #50
 397 0068 FFF7FEFF 		bl	CyDelay
 398              	.LVL50:
 100:main.c        ****     }
 399              		.loc 1 100 0
 400 006c D6E7     		b	.L25
 401              	.L28:
 402 006e C046     		.align	2
 403              	.L27:
 404 0070 00000000 		.word	.LC4
 405 0074 00000000 		.word	.LANCHOR1
 406 0078 00000000 		.word	.LANCHOR0
 407 007c 10000000 		.word	.LC8
 408              		.cfi_endproc
 409              	.LFE36:
 410              		.size	main, .-main
 411              		.section	.rodata
 412              		.align	2
 413              		.set	.LANCHOR0,. + 0
 414              		.type	colMode, %object
 415              		.size	colMode, 12
 416              	colMode:
 417 0000 00000000 		.word	C_1_SetDriveMode
 418 0004 00000000 		.word	C_2_SetDriveMode
 419 0008 00000000 		.word	C_3_SetDriveMode
 420              		.type	rowRead, %object
 421              		.size	rowRead, 16
 422              	rowRead:
 423 000c 00000000 		.word	R_1_Read
 424 0010 00000000 		.word	R_2_Read
 425 0014 00000000 		.word	R_3_Read
 426 0018 00000000 		.word	R_4_Read
 427              		.type	segMap, %object
 428              		.size	segMap, 12
 429              	segMap:
 430 001c C0       		.byte	-64
 431 001d F9       		.byte	-7
 432 001e A4       		.byte	-92
 433 001f B0       		.byte	-80
 434 0020 99       		.byte	-103
 435 0021 92       		.byte	-110
 436 0022 82       		.byte	-126
 437 0023 F8       		.byte	-8
 438 0024 80       		.byte	-128
 439 0025 90       		.byte	-112
 440 0026 88       		.byte	-120
 441 0027 83       		.byte	-125
 442              		.type	keyMap, %object
ARM GAS  C:\Users\55ron\AppData\Local\Temp\ccmSKwy2.s 			page 11


 443              		.size	keyMap, 12
 444              	keyMap:
 445 0028 01       		.byte	1
 446 0029 02       		.byte	2
 447 002a 03       		.byte	3
 448 002b 04       		.byte	4
 449 002c 05       		.byte	5
 450 002d 06       		.byte	6
 451 002e 07       		.byte	7
 452 002f 08       		.byte	8
 453 0030 09       		.byte	9
 454 0031 0A       		.byte	10
 455 0032 00       		.byte	0
 456 0033 0B       		.byte	11
 457              		.section	.rodata.str1.4,"aMS",%progbits,1
 458              		.align	2
 459              	.LC4:
 460 0000 4C616220 		.ascii	"Lab 4 Started\015\012\000"
 460      34205374 
 460      61727465 
 460      640D0A00 
 461              	.LC8:
 462 0010 4B657920 		.ascii	"Key Pressed\015\012\000"
 462      50726573 
 462      7365640D 
 462      0A00
 463              		.bss
 464              		.align	2
 465              		.set	.LANCHOR1,. + 0
 466              		.type	keyState, %object
 467              		.size	keyState, 12
 468              	keyState:
 469 0000 00000000 		.space	12
 469      00000000 
 469      00000000 
 470              		.text
 471              	.Letext0:
 472              		.file 2 "y:\\krystal\\psoc creator\\4.4\\psoc creator\\import\\gnu\\arm\\5.4.1\\arm-none-eabi\\inc
 473              		.file 3 "y:\\krystal\\psoc creator\\4.4\\psoc creator\\import\\gnu\\arm\\5.4.1\\arm-none-eabi\\inc
 474              		.file 4 "Generated_Source\\PSoC4/cytypes.h"
 475              		.file 5 "Generated_Source\\PSoC4/Pin_DO.h"
 476              		.file 6 "Generated_Source\\PSoC4/Pin_CLK.h"
 477              		.file 7 "Generated_Source\\PSoC4/Pin_Latch.h"
 478              		.file 8 "Generated_Source\\PSoC4/SW_Tx_UART.h"
 479              		.file 9 "Generated_Source\\PSoC4/CyLib.h"
 480              		.section	.debug_info,"",%progbits
 481              	.Ldebug_info0:
 482 0000 D4040000 		.4byte	0x4d4
 483 0004 0400     		.2byte	0x4
 484 0006 00000000 		.4byte	.Ldebug_abbrev0
 485 000a 04       		.byte	0x4
 486 000b 01       		.uleb128 0x1
 487 000c 3C010000 		.4byte	.LASF38
 488 0010 0C       		.byte	0xc
 489 0011 50020000 		.4byte	.LASF39
 490 0015 22000000 		.4byte	.LASF40
 491 0019 18000000 		.4byte	.Ldebug_ranges0+0x18
ARM GAS  C:\Users\55ron\AppData\Local\Temp\ccmSKwy2.s 			page 12


 492 001d 00000000 		.4byte	0
 493 0021 00000000 		.4byte	.Ldebug_line0
 494 0025 02       		.uleb128 0x2
 495 0026 09000000 		.4byte	.LASF0
 496 002a 02       		.byte	0x2
 497 002b 1B       		.byte	0x1b
 498 002c 30000000 		.4byte	0x30
 499 0030 03       		.uleb128 0x3
 500 0031 01       		.byte	0x1
 501 0032 06       		.byte	0x6
 502 0033 3B020000 		.4byte	.LASF2
 503 0037 02       		.uleb128 0x2
 504 0038 12000000 		.4byte	.LASF1
 505 003c 02       		.byte	0x2
 506 003d 1D       		.byte	0x1d
 507 003e 42000000 		.4byte	0x42
 508 0042 03       		.uleb128 0x3
 509 0043 01       		.byte	0x1
 510 0044 08       		.byte	0x8
 511 0045 9C000000 		.4byte	.LASF3
 512 0049 03       		.uleb128 0x3
 513 004a 02       		.byte	0x2
 514 004b 05       		.byte	0x5
 515 004c 18020000 		.4byte	.LASF4
 516 0050 03       		.uleb128 0x3
 517 0051 02       		.byte	0x2
 518 0052 07       		.byte	0x7
 519 0053 4B000000 		.4byte	.LASF5
 520 0057 03       		.uleb128 0x3
 521 0058 04       		.byte	0x4
 522 0059 05       		.byte	0x5
 523 005a 42000000 		.4byte	.LASF6
 524 005e 03       		.uleb128 0x3
 525 005f 04       		.byte	0x4
 526 0060 07       		.byte	0x7
 527 0061 AA000000 		.4byte	.LASF7
 528 0065 03       		.uleb128 0x3
 529 0066 08       		.byte	0x8
 530 0067 05       		.byte	0x5
 531 0068 EB010000 		.4byte	.LASF8
 532 006c 03       		.uleb128 0x3
 533 006d 08       		.byte	0x8
 534 006e 07       		.byte	0x7
 535 006f 0C010000 		.4byte	.LASF9
 536 0073 04       		.uleb128 0x4
 537 0074 04       		.byte	0x4
 538 0075 05       		.byte	0x5
 539 0076 696E7400 		.ascii	"int\000"
 540 007a 03       		.uleb128 0x3
 541 007b 04       		.byte	0x4
 542 007c 07       		.byte	0x7
 543 007d FF000000 		.4byte	.LASF10
 544 0081 02       		.uleb128 0x2
 545 0082 87000000 		.4byte	.LASF11
 546 0086 03       		.byte	0x3
 547 0087 14       		.byte	0x14
 548 0088 25000000 		.4byte	0x25
ARM GAS  C:\Users\55ron\AppData\Local\Temp\ccmSKwy2.s 			page 13


 549 008c 02       		.uleb128 0x2
 550 008d 23010000 		.4byte	.LASF12
 551 0091 03       		.byte	0x3
 552 0092 18       		.byte	0x18
 553 0093 37000000 		.4byte	0x37
 554 0097 05       		.uleb128 0x5
 555 0098 BC000000 		.4byte	.LASF13
 556 009c 04       		.byte	0x4
 557 009d FB01     		.2byte	0x1fb
 558 009f 42000000 		.4byte	0x42
 559 00a3 03       		.uleb128 0x3
 560 00a4 04       		.byte	0x4
 561 00a5 04       		.byte	0x4
 562 00a6 81000000 		.4byte	.LASF14
 563 00aa 03       		.uleb128 0x3
 564 00ab 08       		.byte	0x8
 565 00ac 04       		.byte	0x4
 566 00ad CD000000 		.4byte	.LASF15
 567 00b1 03       		.uleb128 0x3
 568 00b2 01       		.byte	0x1
 569 00b3 08       		.byte	0x8
 570 00b4 00020000 		.4byte	.LASF16
 571 00b8 03       		.uleb128 0x3
 572 00b9 04       		.byte	0x4
 573 00ba 07       		.byte	0x7
 574 00bb D2010000 		.4byte	.LASF17
 575 00bf 03       		.uleb128 0x3
 576 00c0 08       		.byte	0x8
 577 00c1 04       		.byte	0x4
 578 00c2 2F020000 		.4byte	.LASF18
 579 00c6 06       		.uleb128 0x6
 580 00c7 C2000000 		.4byte	.LASF19
 581 00cb 01       		.byte	0x1
 582 00cc 34       		.byte	0x34
 583 00cd 00000000 		.4byte	.LFB34
 584 00d1 20000000 		.4byte	.LFE34-.LFB34
 585 00d5 01       		.uleb128 0x1
 586 00d6 9C       		.byte	0x9c
 587 00d7 0A010000 		.4byte	0x10a
 588 00db 07       		.uleb128 0x7
 589 00dc 02000000 		.4byte	.LBB2
 590 00e0 16000000 		.4byte	.LBE2-.LBB2
 591 00e4 08       		.uleb128 0x8
 592 00e5 6900     		.ascii	"i\000"
 593 00e7 01       		.byte	0x1
 594 00e8 35       		.byte	0x35
 595 00e9 8C000000 		.4byte	0x8c
 596 00ed 00000000 		.4byte	.LLST0
 597 00f1 09       		.uleb128 0x9
 598 00f2 10000000 		.4byte	.LVL2
 599 00f6 0B       		.uleb128 0xb
 600 00f7 74       		.byte	0x74
 601 00f8 00       		.sleb128 0
 602 00f9 32       		.byte	0x32
 603 00fa 24       		.byte	0x24
 604 00fb 03       		.byte	0x3
 605 00fc 00000000 		.4byte	.LANCHOR0
ARM GAS  C:\Users\55ron\AppData\Local\Temp\ccmSKwy2.s 			page 14


 606 0100 22       		.byte	0x22
 607 0101 06       		.byte	0x6
 608 0102 0A       		.uleb128 0xa
 609 0103 01       		.uleb128 0x1
 610 0104 50       		.byte	0x50
 611 0105 01       		.uleb128 0x1
 612 0106 31       		.byte	0x31
 613 0107 00       		.byte	0
 614 0108 00       		.byte	0
 615 0109 00       		.byte	0
 616 010a 06       		.uleb128 0x6
 617 010b 6E000000 		.4byte	.LASF20
 618 010f 01       		.byte	0x1
 619 0110 3A       		.byte	0x3a
 620 0111 00000000 		.4byte	.LFB35
 621 0115 50000000 		.4byte	.LFE35-.LFB35
 622 0119 01       		.uleb128 0x1
 623 011a 9C       		.byte	0x9c
 624 011b 93010000 		.4byte	0x193
 625 011f 07       		.uleb128 0x7
 626 0120 02000000 		.4byte	.LBB3
 627 0124 42000000 		.4byte	.LBE3-.LBB3
 628 0128 08       		.uleb128 0x8
 629 0129 6300     		.ascii	"c\000"
 630 012b 01       		.byte	0x1
 631 012c 3B       		.byte	0x3b
 632 012d 8C000000 		.4byte	0x8c
 633 0131 2A000000 		.4byte	.LLST1
 634 0135 0B       		.uleb128 0xb
 635 0136 12000000 		.4byte	.LBB4
 636 013a 20000000 		.4byte	.LBE4-.LBB4
 637 013e 61010000 		.4byte	0x161
 638 0142 08       		.uleb128 0x8
 639 0143 7200     		.ascii	"r\000"
 640 0145 01       		.byte	0x1
 641 0146 3F       		.byte	0x3f
 642 0147 8C000000 		.4byte	0x8c
 643 014b 54000000 		.4byte	.LLST2
 644 014f 0C       		.uleb128 0xc
 645 0150 20000000 		.4byte	.LVL10
 646 0154 0B       		.uleb128 0xb
 647 0155 74       		.byte	0x74
 648 0156 00       		.sleb128 0
 649 0157 32       		.byte	0x32
 650 0158 24       		.byte	0x24
 651 0159 03       		.byte	0x3
 652 015a 0C000000 		.4byte	.LANCHOR0+12
 653 015e 22       		.byte	0x22
 654 015f 06       		.byte	0x6
 655 0160 00       		.byte	0
 656 0161 0D       		.uleb128 0xd
 657 0162 12000000 		.4byte	.LVL8
 658 0166 0B       		.uleb128 0xb
 659 0167 75       		.byte	0x75
 660 0168 00       		.sleb128 0
 661 0169 32       		.byte	0x32
 662 016a 24       		.byte	0x24
ARM GAS  C:\Users\55ron\AppData\Local\Temp\ccmSKwy2.s 			page 15


 663 016b 03       		.byte	0x3
 664 016c 00000000 		.4byte	.LANCHOR0
 665 0170 22       		.byte	0x22
 666 0171 06       		.byte	0x6
 667 0172 7C010000 		.4byte	0x17c
 668 0176 0A       		.uleb128 0xa
 669 0177 01       		.uleb128 0x1
 670 0178 50       		.byte	0x50
 671 0179 01       		.uleb128 0x1
 672 017a 36       		.byte	0x36
 673 017b 00       		.byte	0
 674 017c 09       		.uleb128 0x9
 675 017d 3C000000 		.4byte	.LVL13
 676 0181 09       		.uleb128 0x9
 677 0182 75       		.byte	0x75
 678 0183 00       		.sleb128 0
 679 0184 03       		.byte	0x3
 680 0185 00000000 		.4byte	.LANCHOR0
 681 0189 22       		.byte	0x22
 682 018a 06       		.byte	0x6
 683 018b 0A       		.uleb128 0xa
 684 018c 01       		.uleb128 0x1
 685 018d 50       		.byte	0x50
 686 018e 01       		.uleb128 0x1
 687 018f 31       		.byte	0x31
 688 0190 00       		.byte	0
 689 0191 00       		.byte	0
 690 0192 00       		.byte	0
 691 0193 06       		.uleb128 0x6
 692 0194 33010000 		.4byte	.LASF21
 693 0198 01       		.byte	0x1
 694 0199 08       		.byte	0x8
 695 019a 00000000 		.4byte	.LFB32
 696 019e 2E000000 		.4byte	.LFE32-.LFB32
 697 01a2 01       		.uleb128 0x1
 698 01a3 9C       		.byte	0x9c
 699 01a4 0F020000 		.4byte	0x20f
 700 01a8 0E       		.uleb128 0xe
 701 01a9 76616C00 		.ascii	"val\000"
 702 01ad 01       		.byte	0x1
 703 01ae 08       		.byte	0x8
 704 01af 8C000000 		.4byte	0x8c
 705 01b3 7E000000 		.4byte	.LLST3
 706 01b7 07       		.uleb128 0x7
 707 01b8 04000000 		.4byte	.LBB5
 708 01bc 28000000 		.4byte	.LBE5-.LBB5
 709 01c0 08       		.uleb128 0x8
 710 01c1 62697400 		.ascii	"bit\000"
 711 01c5 01       		.byte	0x1
 712 01c6 09       		.byte	0x9
 713 01c7 81000000 		.4byte	0x81
 714 01cb 9F000000 		.4byte	.LLST4
 715 01cf 0F       		.uleb128 0xf
 716 01d0 18000000 		.4byte	.LVL20
 717 01d4 95040000 		.4byte	0x495
 718 01d8 EB010000 		.4byte	0x1eb
 719 01dc 0A       		.uleb128 0xa
ARM GAS  C:\Users\55ron\AppData\Local\Temp\ccmSKwy2.s 			page 16


 720 01dd 01       		.uleb128 0x1
 721 01de 50       		.byte	0x50
 722 01df 0A       		.uleb128 0xa
 723 01e0 08       		.byte	0x8
 724 01e1 80       		.byte	0x80
 725 01e2 74       		.byte	0x74
 726 01e3 00       		.sleb128 0
 727 01e4 26       		.byte	0x26
 728 01e5 75       		.byte	0x75
 729 01e6 00       		.sleb128 0
 730 01e7 1A       		.byte	0x1a
 731 01e8 30       		.byte	0x30
 732 01e9 2E       		.byte	0x2e
 733 01ea 00       		.byte	0
 734 01eb 0F       		.uleb128 0xf
 735 01ec 1E000000 		.4byte	.LVL21
 736 01f0 A0040000 		.4byte	0x4a0
 737 01f4 FE010000 		.4byte	0x1fe
 738 01f8 0A       		.uleb128 0xa
 739 01f9 01       		.uleb128 0x1
 740 01fa 50       		.byte	0x50
 741 01fb 01       		.uleb128 0x1
 742 01fc 31       		.byte	0x31
 743 01fd 00       		.byte	0
 744 01fe 10       		.uleb128 0x10
 745 01ff 24000000 		.4byte	.LVL22
 746 0203 A0040000 		.4byte	0x4a0
 747 0207 0A       		.uleb128 0xa
 748 0208 01       		.uleb128 0x1
 749 0209 50       		.byte	0x50
 750 020a 01       		.uleb128 0x1
 751 020b 30       		.byte	0x30
 752 020c 00       		.byte	0
 753 020d 00       		.byte	0
 754 020e 00       		.byte	0
 755 020f 06       		.uleb128 0x6
 756 0210 22020000 		.4byte	.LASF22
 757 0214 01       		.byte	0x1
 758 0215 11       		.byte	0x11
 759 0216 00000000 		.4byte	.LFB33
 760 021a 38000000 		.4byte	.LFE33-.LFB33
 761 021e 01       		.uleb128 0x1
 762 021f 9C       		.byte	0x9c
 763 0220 A3020000 		.4byte	0x2a3
 764 0224 11       		.uleb128 0x11
 765 0225 05020000 		.4byte	.LASF23
 766 0229 01       		.byte	0x1
 767 022a 11       		.byte	0x11
 768 022b 8C000000 		.4byte	0x8c
 769 022f C9000000 		.4byte	.LLST5
 770 0233 11       		.uleb128 0x11
 771 0234 1C000000 		.4byte	.LASF24
 772 0238 01       		.byte	0x1
 773 0239 11       		.byte	0x11
 774 023a 8C000000 		.4byte	0x8c
 775 023e EA000000 		.4byte	.LLST6
 776 0242 0E       		.uleb128 0xe
ARM GAS  C:\Users\55ron\AppData\Local\Temp\ccmSKwy2.s 			page 17


 777 0243 647000   		.ascii	"dp\000"
 778 0246 01       		.byte	0x1
 779 0247 11       		.byte	0x11
 780 0248 8C000000 		.4byte	0x8c
 781 024c 0B010000 		.4byte	.LLST7
 782 0250 12       		.uleb128 0x12
 783 0251 2B010000 		.4byte	.LASF25
 784 0255 01       		.byte	0x1
 785 0256 12       		.byte	0x12
 786 0257 8C000000 		.4byte	0x8c
 787 025b 2C010000 		.4byte	.LLST8
 788 025f 12       		.uleb128 0x12
 789 0260 E3010000 		.4byte	.LASF26
 790 0264 01       		.byte	0x1
 791 0265 16       		.byte	0x16
 792 0266 8C000000 		.4byte	0x8c
 793 026a 3F010000 		.4byte	.LLST9
 794 026e 13       		.uleb128 0x13
 795 026f 14000000 		.4byte	.LVL29
 796 0273 93010000 		.4byte	0x193
 797 0277 13       		.uleb128 0x13
 798 0278 26000000 		.4byte	.LVL32
 799 027c 93010000 		.4byte	0x193
 800 0280 0F       		.uleb128 0xf
 801 0281 2C000000 		.4byte	.LVL33
 802 0285 AB040000 		.4byte	0x4ab
 803 0289 93020000 		.4byte	0x293
 804 028d 0A       		.uleb128 0xa
 805 028e 01       		.uleb128 0x1
 806 028f 50       		.byte	0x50
 807 0290 01       		.uleb128 0x1
 808 0291 31       		.byte	0x31
 809 0292 00       		.byte	0
 810 0293 10       		.uleb128 0x10
 811 0294 32000000 		.4byte	.LVL34
 812 0298 AB040000 		.4byte	0x4ab
 813 029c 0A       		.uleb128 0xa
 814 029d 01       		.uleb128 0x1
 815 029e 50       		.byte	0x50
 816 029f 01       		.uleb128 0x1
 817 02a0 30       		.byte	0x30
 818 02a1 00       		.byte	0
 819 02a2 00       		.byte	0
 820 02a3 14       		.uleb128 0x14
 821 02a4 D4000000 		.4byte	.LASF41
 822 02a8 01       		.byte	0x1
 823 02a9 47       		.byte	0x47
 824 02aa 73000000 		.4byte	0x73
 825 02ae 00000000 		.4byte	.LFB36
 826 02b2 80000000 		.4byte	.LFE36-.LFB36
 827 02b6 01       		.uleb128 0x1
 828 02b7 9C       		.byte	0x9c
 829 02b8 A4030000 		.4byte	0x3a4
 830 02bc 0B       		.uleb128 0xb
 831 02bd 20000000 		.4byte	.LBB6
 832 02c1 46000000 		.4byte	.LBE6-.LBB6
 833 02c5 44030000 		.4byte	0x344
ARM GAS  C:\Users\55ron\AppData\Local\Temp\ccmSKwy2.s 			page 18


 834 02c9 08       		.uleb128 0x8
 835 02ca 7200     		.ascii	"r\000"
 836 02cc 01       		.byte	0x1
 837 02cd 54       		.byte	0x54
 838 02ce 8C000000 		.4byte	0x8c
 839 02d2 52010000 		.4byte	.LLST10
 840 02d6 15       		.uleb128 0x15
 841 02d7 00000000 		.4byte	.Ldebug_ranges0+0
 842 02db 08       		.uleb128 0x8
 843 02dc 6300     		.ascii	"c\000"
 844 02de 01       		.byte	0x1
 845 02df 55       		.byte	0x55
 846 02e0 8C000000 		.4byte	0x8c
 847 02e4 7C010000 		.4byte	.LLST11
 848 02e8 07       		.uleb128 0x7
 849 02e9 32000000 		.4byte	.LBB8
 850 02ed 20000000 		.4byte	.LBE8-.LBB8
 851 02f1 08       		.uleb128 0x8
 852 02f2 6B657900 		.ascii	"key\000"
 853 02f6 01       		.byte	0x1
 854 02f7 58       		.byte	0x58
 855 02f8 8C000000 		.4byte	0x8c
 856 02fc A5010000 		.4byte	.LLST12
 857 0300 0F       		.uleb128 0xf
 858 0301 4C000000 		.4byte	.LVL42
 859 0305 0F020000 		.4byte	0x20f
 860 0309 2E030000 		.4byte	0x32e
 861 030d 0A       		.uleb128 0xa
 862 030e 01       		.uleb128 0x1
 863 030f 50       		.byte	0x50
 864 0310 01       		.uleb128 0x1
 865 0311 30       		.byte	0x30
 866 0312 0A       		.uleb128 0xa
 867 0313 01       		.uleb128 0x1
 868 0314 51       		.byte	0x51
 869 0315 12       		.uleb128 0x12
 870 0316 75       		.byte	0x75
 871 0317 00       		.sleb128 0
 872 0318 31       		.byte	0x31
 873 0319 24       		.byte	0x24
 874 031a 74       		.byte	0x74
 875 031b 00       		.sleb128 0
 876 031c 22       		.byte	0x22
 877 031d 75       		.byte	0x75
 878 031e 00       		.sleb128 0
 879 031f 22       		.byte	0x22
 880 0320 03       		.byte	0x3
 881 0321 28000000 		.4byte	.LANCHOR0+40
 882 0325 22       		.byte	0x22
 883 0326 94       		.byte	0x94
 884 0327 01       		.byte	0x1
 885 0328 0A       		.uleb128 0xa
 886 0329 01       		.uleb128 0x1
 887 032a 52       		.byte	0x52
 888 032b 01       		.uleb128 0x1
 889 032c 30       		.byte	0x30
 890 032d 00       		.byte	0
ARM GAS  C:\Users\55ron\AppData\Local\Temp\ccmSKwy2.s 			page 19


 891 032e 10       		.uleb128 0x10
 892 032f 52000000 		.4byte	.LVL43
 893 0333 B6040000 		.4byte	0x4b6
 894 0337 0A       		.uleb128 0xa
 895 0338 01       		.uleb128 0x1
 896 0339 50       		.byte	0x50
 897 033a 05       		.uleb128 0x5
 898 033b 03       		.byte	0x3
 899 033c 10000000 		.4byte	.LC8
 900 0340 00       		.byte	0
 901 0341 00       		.byte	0
 902 0342 00       		.byte	0
 903 0343 00       		.byte	0
 904 0344 13       		.uleb128 0x13
 905 0345 08000000 		.4byte	.LVL35
 906 0349 C1040000 		.4byte	0x4c1
 907 034d 0F       		.uleb128 0xf
 908 034e 0E000000 		.4byte	.LVL36
 909 0352 B6040000 		.4byte	0x4b6
 910 0356 64030000 		.4byte	0x364
 911 035a 0A       		.uleb128 0xa
 912 035b 01       		.uleb128 0x1
 913 035c 50       		.byte	0x50
 914 035d 05       		.uleb128 0x5
 915 035e 03       		.byte	0x3
 916 035f 00000000 		.4byte	.LC4
 917 0363 00       		.byte	0
 918 0364 13       		.uleb128 0x13
 919 0365 12000000 		.4byte	.LVL37
 920 0369 C6000000 		.4byte	0xc6
 921 036d 0F       		.uleb128 0xf
 922 036e 1C000000 		.4byte	.LVL38
 923 0372 0F020000 		.4byte	0x20f
 924 0376 8A030000 		.4byte	0x38a
 925 037a 0A       		.uleb128 0xa
 926 037b 01       		.uleb128 0x1
 927 037c 50       		.byte	0x50
 928 037d 01       		.uleb128 0x1
 929 037e 30       		.byte	0x30
 930 037f 0A       		.uleb128 0xa
 931 0380 01       		.uleb128 0x1
 932 0381 51       		.byte	0x51
 933 0382 01       		.uleb128 0x1
 934 0383 30       		.byte	0x30
 935 0384 0A       		.uleb128 0xa
 936 0385 01       		.uleb128 0x1
 937 0386 52       		.byte	0x52
 938 0387 01       		.uleb128 0x1
 939 0388 30       		.byte	0x30
 940 0389 00       		.byte	0
 941 038a 13       		.uleb128 0x13
 942 038b 20000000 		.4byte	.LVL39
 943 038f 0A010000 		.4byte	0x10a
 944 0393 10       		.uleb128 0x10
 945 0394 6C000000 		.4byte	.LVL50
 946 0398 CC040000 		.4byte	0x4cc
 947 039c 0A       		.uleb128 0xa
ARM GAS  C:\Users\55ron\AppData\Local\Temp\ccmSKwy2.s 			page 20


 948 039d 01       		.uleb128 0x1
 949 039e 50       		.byte	0x50
 950 039f 02       		.uleb128 0x2
 951 03a0 08       		.byte	0x8
 952 03a1 32       		.byte	0x32
 953 03a2 00       		.byte	0
 954 03a3 00       		.byte	0
 955 03a4 16       		.uleb128 0x16
 956 03a5 B4030000 		.4byte	0x3b4
 957 03a9 B4030000 		.4byte	0x3b4
 958 03ad 17       		.uleb128 0x17
 959 03ae B8000000 		.4byte	0xb8
 960 03b2 0B       		.byte	0xb
 961 03b3 00       		.byte	0
 962 03b4 18       		.uleb128 0x18
 963 03b5 8C000000 		.4byte	0x8c
 964 03b9 19       		.uleb128 0x19
 965 03ba F9010000 		.4byte	.LASF27
 966 03be 01       		.byte	0x1
 967 03bf 02       		.byte	0x2
 968 03c0 CA030000 		.4byte	0x3ca
 969 03c4 05       		.uleb128 0x5
 970 03c5 03       		.byte	0x3
 971 03c6 1C000000 		.4byte	segMap
 972 03ca 18       		.uleb128 0x18
 973 03cb A4030000 		.4byte	0x3a4
 974 03cf 16       		.uleb128 0x16
 975 03d0 DF030000 		.4byte	0x3df
 976 03d4 DF030000 		.4byte	0x3df
 977 03d8 17       		.uleb128 0x17
 978 03d9 B8000000 		.4byte	0xb8
 979 03dd 02       		.byte	0x2
 980 03de 00       		.byte	0
 981 03df 1A       		.uleb128 0x1a
 982 03e0 04       		.byte	0x4
 983 03e1 E5030000 		.4byte	0x3e5
 984 03e5 1B       		.uleb128 0x1b
 985 03e6 F0030000 		.4byte	0x3f0
 986 03ea 1C       		.uleb128 0x1c
 987 03eb 8C000000 		.4byte	0x8c
 988 03ef 00       		.byte	0
 989 03f0 19       		.uleb128 0x19
 990 03f1 DB010000 		.4byte	.LASF28
 991 03f5 01       		.byte	0x1
 992 03f6 1F       		.byte	0x1f
 993 03f7 01040000 		.4byte	0x401
 994 03fb 05       		.uleb128 0x5
 995 03fc 03       		.byte	0x3
 996 03fd 00000000 		.4byte	colMode
 997 0401 18       		.uleb128 0x18
 998 0402 CF030000 		.4byte	0x3cf
 999 0406 1D       		.uleb128 0x1d
 1000 0407 47020000 		.4byte	.LASF42
 1001 040b 01       		.byte	0x1
 1002 040c 23       		.byte	0x23
 1003 040d CF030000 		.4byte	0x3cf
 1004 0411 16       		.uleb128 0x16
ARM GAS  C:\Users\55ron\AppData\Local\Temp\ccmSKwy2.s 			page 21


 1005 0412 21040000 		.4byte	0x421
 1006 0416 21040000 		.4byte	0x421
 1007 041a 17       		.uleb128 0x17
 1008 041b B8000000 		.4byte	0xb8
 1009 041f 03       		.byte	0x3
 1010 0420 00       		.byte	0
 1011 0421 1A       		.uleb128 0x1a
 1012 0422 04       		.byte	0x4
 1013 0423 27040000 		.4byte	0x427
 1014 0427 1E       		.uleb128 0x1e
 1015 0428 97000000 		.4byte	0x97
 1016 042c 19       		.uleb128 0x19
 1017 042d CA010000 		.4byte	.LASF29
 1018 0431 01       		.byte	0x1
 1019 0432 27       		.byte	0x27
 1020 0433 3D040000 		.4byte	0x43d
 1021 0437 05       		.uleb128 0x5
 1022 0438 03       		.byte	0x3
 1023 0439 0C000000 		.4byte	rowRead
 1024 043d 18       		.uleb128 0x18
 1025 043e 11040000 		.4byte	0x411
 1026 0442 16       		.uleb128 0x16
 1027 0443 8C000000 		.4byte	0x8c
 1028 0447 58040000 		.4byte	0x458
 1029 044b 17       		.uleb128 0x17
 1030 044c B8000000 		.4byte	0xb8
 1031 0450 03       		.byte	0x3
 1032 0451 17       		.uleb128 0x17
 1033 0452 B8000000 		.4byte	0xb8
 1034 0456 02       		.byte	0x2
 1035 0457 00       		.byte	0
 1036 0458 19       		.uleb128 0x19
 1037 0459 00000000 		.4byte	.LASF30
 1038 045d 01       		.byte	0x1
 1039 045e 2B       		.byte	0x2b
 1040 045f 42040000 		.4byte	0x442
 1041 0463 05       		.uleb128 0x5
 1042 0464 03       		.byte	0x3
 1043 0465 00000000 		.4byte	keyState
 1044 0469 16       		.uleb128 0x16
 1045 046a B4030000 		.4byte	0x3b4
 1046 046e 7F040000 		.4byte	0x47f
 1047 0472 17       		.uleb128 0x17
 1048 0473 B8000000 		.4byte	0xb8
 1049 0477 03       		.byte	0x3
 1050 0478 17       		.uleb128 0x17
 1051 0479 B8000000 		.4byte	0xb8
 1052 047d 02       		.byte	0x2
 1053 047e 00       		.byte	0
 1054 047f 19       		.uleb128 0x19
 1055 0480 57020000 		.4byte	.LASF31
 1056 0484 01       		.byte	0x1
 1057 0485 2D       		.byte	0x2d
 1058 0486 90040000 		.4byte	0x490
 1059 048a 05       		.uleb128 0x5
 1060 048b 03       		.byte	0x3
 1061 048c 28000000 		.4byte	keyMap
ARM GAS  C:\Users\55ron\AppData\Local\Temp\ccmSKwy2.s 			page 22


 1062 0490 18       		.uleb128 0x18
 1063 0491 69040000 		.4byte	0x469
 1064 0495 1F       		.uleb128 0x1f
 1065 0496 0B020000 		.4byte	.LASF32
 1066 049a 0B020000 		.4byte	.LASF32
 1067 049e 05       		.byte	0x5
 1068 049f 33       		.byte	0x33
 1069 04a0 1F       		.uleb128 0x1f
 1070 04a1 8E000000 		.4byte	.LASF33
 1071 04a5 8E000000 		.4byte	.LASF33
 1072 04a9 06       		.byte	0x6
 1073 04aa 33       		.byte	0x33
 1074 04ab 1F       		.uleb128 0x1f
 1075 04ac 5E000000 		.4byte	.LASF34
 1076 04b0 5E000000 		.4byte	.LASF34
 1077 04b4 07       		.byte	0x7
 1078 04b5 33       		.byte	0x33
 1079 04b6 1F       		.uleb128 0x1f
 1080 04b7 EA000000 		.4byte	.LASF35
 1081 04bb EA000000 		.4byte	.LASF35
 1082 04bf 08       		.byte	0x8
 1083 04c0 26       		.byte	0x26
 1084 04c1 1F       		.uleb128 0x1f
 1085 04c2 D9000000 		.4byte	.LASF36
 1086 04c6 D9000000 		.4byte	.LASF36
 1087 04ca 08       		.byte	0x8
 1088 04cb 1F       		.byte	0x1f
 1089 04cc 1F       		.uleb128 0x1f
 1090 04cd 79000000 		.4byte	.LASF37
 1091 04d1 79000000 		.4byte	.LASF37
 1092 04d5 09       		.byte	0x9
 1093 04d6 EC       		.byte	0xec
 1094 04d7 00       		.byte	0
 1095              		.section	.debug_abbrev,"",%progbits
 1096              	.Ldebug_abbrev0:
 1097 0000 01       		.uleb128 0x1
 1098 0001 11       		.uleb128 0x11
 1099 0002 01       		.byte	0x1
 1100 0003 25       		.uleb128 0x25
 1101 0004 0E       		.uleb128 0xe
 1102 0005 13       		.uleb128 0x13
 1103 0006 0B       		.uleb128 0xb
 1104 0007 03       		.uleb128 0x3
 1105 0008 0E       		.uleb128 0xe
 1106 0009 1B       		.uleb128 0x1b
 1107 000a 0E       		.uleb128 0xe
 1108 000b 55       		.uleb128 0x55
 1109 000c 17       		.uleb128 0x17
 1110 000d 11       		.uleb128 0x11
 1111 000e 01       		.uleb128 0x1
 1112 000f 10       		.uleb128 0x10
 1113 0010 17       		.uleb128 0x17
 1114 0011 00       		.byte	0
 1115 0012 00       		.byte	0
 1116 0013 02       		.uleb128 0x2
 1117 0014 16       		.uleb128 0x16
 1118 0015 00       		.byte	0
ARM GAS  C:\Users\55ron\AppData\Local\Temp\ccmSKwy2.s 			page 23


 1119 0016 03       		.uleb128 0x3
 1120 0017 0E       		.uleb128 0xe
 1121 0018 3A       		.uleb128 0x3a
 1122 0019 0B       		.uleb128 0xb
 1123 001a 3B       		.uleb128 0x3b
 1124 001b 0B       		.uleb128 0xb
 1125 001c 49       		.uleb128 0x49
 1126 001d 13       		.uleb128 0x13
 1127 001e 00       		.byte	0
 1128 001f 00       		.byte	0
 1129 0020 03       		.uleb128 0x3
 1130 0021 24       		.uleb128 0x24
 1131 0022 00       		.byte	0
 1132 0023 0B       		.uleb128 0xb
 1133 0024 0B       		.uleb128 0xb
 1134 0025 3E       		.uleb128 0x3e
 1135 0026 0B       		.uleb128 0xb
 1136 0027 03       		.uleb128 0x3
 1137 0028 0E       		.uleb128 0xe
 1138 0029 00       		.byte	0
 1139 002a 00       		.byte	0
 1140 002b 04       		.uleb128 0x4
 1141 002c 24       		.uleb128 0x24
 1142 002d 00       		.byte	0
 1143 002e 0B       		.uleb128 0xb
 1144 002f 0B       		.uleb128 0xb
 1145 0030 3E       		.uleb128 0x3e
 1146 0031 0B       		.uleb128 0xb
 1147 0032 03       		.uleb128 0x3
 1148 0033 08       		.uleb128 0x8
 1149 0034 00       		.byte	0
 1150 0035 00       		.byte	0
 1151 0036 05       		.uleb128 0x5
 1152 0037 16       		.uleb128 0x16
 1153 0038 00       		.byte	0
 1154 0039 03       		.uleb128 0x3
 1155 003a 0E       		.uleb128 0xe
 1156 003b 3A       		.uleb128 0x3a
 1157 003c 0B       		.uleb128 0xb
 1158 003d 3B       		.uleb128 0x3b
 1159 003e 05       		.uleb128 0x5
 1160 003f 49       		.uleb128 0x49
 1161 0040 13       		.uleb128 0x13
 1162 0041 00       		.byte	0
 1163 0042 00       		.byte	0
 1164 0043 06       		.uleb128 0x6
 1165 0044 2E       		.uleb128 0x2e
 1166 0045 01       		.byte	0x1
 1167 0046 03       		.uleb128 0x3
 1168 0047 0E       		.uleb128 0xe
 1169 0048 3A       		.uleb128 0x3a
 1170 0049 0B       		.uleb128 0xb
 1171 004a 3B       		.uleb128 0x3b
 1172 004b 0B       		.uleb128 0xb
 1173 004c 27       		.uleb128 0x27
 1174 004d 19       		.uleb128 0x19
 1175 004e 11       		.uleb128 0x11
ARM GAS  C:\Users\55ron\AppData\Local\Temp\ccmSKwy2.s 			page 24


 1176 004f 01       		.uleb128 0x1
 1177 0050 12       		.uleb128 0x12
 1178 0051 06       		.uleb128 0x6
 1179 0052 40       		.uleb128 0x40
 1180 0053 18       		.uleb128 0x18
 1181 0054 9742     		.uleb128 0x2117
 1182 0056 19       		.uleb128 0x19
 1183 0057 01       		.uleb128 0x1
 1184 0058 13       		.uleb128 0x13
 1185 0059 00       		.byte	0
 1186 005a 00       		.byte	0
 1187 005b 07       		.uleb128 0x7
 1188 005c 0B       		.uleb128 0xb
 1189 005d 01       		.byte	0x1
 1190 005e 11       		.uleb128 0x11
 1191 005f 01       		.uleb128 0x1
 1192 0060 12       		.uleb128 0x12
 1193 0061 06       		.uleb128 0x6
 1194 0062 00       		.byte	0
 1195 0063 00       		.byte	0
 1196 0064 08       		.uleb128 0x8
 1197 0065 34       		.uleb128 0x34
 1198 0066 00       		.byte	0
 1199 0067 03       		.uleb128 0x3
 1200 0068 08       		.uleb128 0x8
 1201 0069 3A       		.uleb128 0x3a
 1202 006a 0B       		.uleb128 0xb
 1203 006b 3B       		.uleb128 0x3b
 1204 006c 0B       		.uleb128 0xb
 1205 006d 49       		.uleb128 0x49
 1206 006e 13       		.uleb128 0x13
 1207 006f 02       		.uleb128 0x2
 1208 0070 17       		.uleb128 0x17
 1209 0071 00       		.byte	0
 1210 0072 00       		.byte	0
 1211 0073 09       		.uleb128 0x9
 1212 0074 898201   		.uleb128 0x4109
 1213 0077 01       		.byte	0x1
 1214 0078 11       		.uleb128 0x11
 1215 0079 01       		.uleb128 0x1
 1216 007a 9342     		.uleb128 0x2113
 1217 007c 18       		.uleb128 0x18
 1218 007d 00       		.byte	0
 1219 007e 00       		.byte	0
 1220 007f 0A       		.uleb128 0xa
 1221 0080 8A8201   		.uleb128 0x410a
 1222 0083 00       		.byte	0
 1223 0084 02       		.uleb128 0x2
 1224 0085 18       		.uleb128 0x18
 1225 0086 9142     		.uleb128 0x2111
 1226 0088 18       		.uleb128 0x18
 1227 0089 00       		.byte	0
 1228 008a 00       		.byte	0
 1229 008b 0B       		.uleb128 0xb
 1230 008c 0B       		.uleb128 0xb
 1231 008d 01       		.byte	0x1
 1232 008e 11       		.uleb128 0x11
ARM GAS  C:\Users\55ron\AppData\Local\Temp\ccmSKwy2.s 			page 25


 1233 008f 01       		.uleb128 0x1
 1234 0090 12       		.uleb128 0x12
 1235 0091 06       		.uleb128 0x6
 1236 0092 01       		.uleb128 0x1
 1237 0093 13       		.uleb128 0x13
 1238 0094 00       		.byte	0
 1239 0095 00       		.byte	0
 1240 0096 0C       		.uleb128 0xc
 1241 0097 898201   		.uleb128 0x4109
 1242 009a 00       		.byte	0
 1243 009b 11       		.uleb128 0x11
 1244 009c 01       		.uleb128 0x1
 1245 009d 9342     		.uleb128 0x2113
 1246 009f 18       		.uleb128 0x18
 1247 00a0 00       		.byte	0
 1248 00a1 00       		.byte	0
 1249 00a2 0D       		.uleb128 0xd
 1250 00a3 898201   		.uleb128 0x4109
 1251 00a6 01       		.byte	0x1
 1252 00a7 11       		.uleb128 0x11
 1253 00a8 01       		.uleb128 0x1
 1254 00a9 9342     		.uleb128 0x2113
 1255 00ab 18       		.uleb128 0x18
 1256 00ac 01       		.uleb128 0x1
 1257 00ad 13       		.uleb128 0x13
 1258 00ae 00       		.byte	0
 1259 00af 00       		.byte	0
 1260 00b0 0E       		.uleb128 0xe
 1261 00b1 05       		.uleb128 0x5
 1262 00b2 00       		.byte	0
 1263 00b3 03       		.uleb128 0x3
 1264 00b4 08       		.uleb128 0x8
 1265 00b5 3A       		.uleb128 0x3a
 1266 00b6 0B       		.uleb128 0xb
 1267 00b7 3B       		.uleb128 0x3b
 1268 00b8 0B       		.uleb128 0xb
 1269 00b9 49       		.uleb128 0x49
 1270 00ba 13       		.uleb128 0x13
 1271 00bb 02       		.uleb128 0x2
 1272 00bc 17       		.uleb128 0x17
 1273 00bd 00       		.byte	0
 1274 00be 00       		.byte	0
 1275 00bf 0F       		.uleb128 0xf
 1276 00c0 898201   		.uleb128 0x4109
 1277 00c3 01       		.byte	0x1
 1278 00c4 11       		.uleb128 0x11
 1279 00c5 01       		.uleb128 0x1
 1280 00c6 31       		.uleb128 0x31
 1281 00c7 13       		.uleb128 0x13
 1282 00c8 01       		.uleb128 0x1
 1283 00c9 13       		.uleb128 0x13
 1284 00ca 00       		.byte	0
 1285 00cb 00       		.byte	0
 1286 00cc 10       		.uleb128 0x10
 1287 00cd 898201   		.uleb128 0x4109
 1288 00d0 01       		.byte	0x1
 1289 00d1 11       		.uleb128 0x11
ARM GAS  C:\Users\55ron\AppData\Local\Temp\ccmSKwy2.s 			page 26


 1290 00d2 01       		.uleb128 0x1
 1291 00d3 31       		.uleb128 0x31
 1292 00d4 13       		.uleb128 0x13
 1293 00d5 00       		.byte	0
 1294 00d6 00       		.byte	0
 1295 00d7 11       		.uleb128 0x11
 1296 00d8 05       		.uleb128 0x5
 1297 00d9 00       		.byte	0
 1298 00da 03       		.uleb128 0x3
 1299 00db 0E       		.uleb128 0xe
 1300 00dc 3A       		.uleb128 0x3a
 1301 00dd 0B       		.uleb128 0xb
 1302 00de 3B       		.uleb128 0x3b
 1303 00df 0B       		.uleb128 0xb
 1304 00e0 49       		.uleb128 0x49
 1305 00e1 13       		.uleb128 0x13
 1306 00e2 02       		.uleb128 0x2
 1307 00e3 17       		.uleb128 0x17
 1308 00e4 00       		.byte	0
 1309 00e5 00       		.byte	0
 1310 00e6 12       		.uleb128 0x12
 1311 00e7 34       		.uleb128 0x34
 1312 00e8 00       		.byte	0
 1313 00e9 03       		.uleb128 0x3
 1314 00ea 0E       		.uleb128 0xe
 1315 00eb 3A       		.uleb128 0x3a
 1316 00ec 0B       		.uleb128 0xb
 1317 00ed 3B       		.uleb128 0x3b
 1318 00ee 0B       		.uleb128 0xb
 1319 00ef 49       		.uleb128 0x49
 1320 00f0 13       		.uleb128 0x13
 1321 00f1 02       		.uleb128 0x2
 1322 00f2 17       		.uleb128 0x17
 1323 00f3 00       		.byte	0
 1324 00f4 00       		.byte	0
 1325 00f5 13       		.uleb128 0x13
 1326 00f6 898201   		.uleb128 0x4109
 1327 00f9 00       		.byte	0
 1328 00fa 11       		.uleb128 0x11
 1329 00fb 01       		.uleb128 0x1
 1330 00fc 31       		.uleb128 0x31
 1331 00fd 13       		.uleb128 0x13
 1332 00fe 00       		.byte	0
 1333 00ff 00       		.byte	0
 1334 0100 14       		.uleb128 0x14
 1335 0101 2E       		.uleb128 0x2e
 1336 0102 01       		.byte	0x1
 1337 0103 3F       		.uleb128 0x3f
 1338 0104 19       		.uleb128 0x19
 1339 0105 03       		.uleb128 0x3
 1340 0106 0E       		.uleb128 0xe
 1341 0107 3A       		.uleb128 0x3a
 1342 0108 0B       		.uleb128 0xb
 1343 0109 3B       		.uleb128 0x3b
 1344 010a 0B       		.uleb128 0xb
 1345 010b 27       		.uleb128 0x27
 1346 010c 19       		.uleb128 0x19
ARM GAS  C:\Users\55ron\AppData\Local\Temp\ccmSKwy2.s 			page 27


 1347 010d 49       		.uleb128 0x49
 1348 010e 13       		.uleb128 0x13
 1349 010f 8701     		.uleb128 0x87
 1350 0111 19       		.uleb128 0x19
 1351 0112 11       		.uleb128 0x11
 1352 0113 01       		.uleb128 0x1
 1353 0114 12       		.uleb128 0x12
 1354 0115 06       		.uleb128 0x6
 1355 0116 40       		.uleb128 0x40
 1356 0117 18       		.uleb128 0x18
 1357 0118 9742     		.uleb128 0x2117
 1358 011a 19       		.uleb128 0x19
 1359 011b 01       		.uleb128 0x1
 1360 011c 13       		.uleb128 0x13
 1361 011d 00       		.byte	0
 1362 011e 00       		.byte	0
 1363 011f 15       		.uleb128 0x15
 1364 0120 0B       		.uleb128 0xb
 1365 0121 01       		.byte	0x1
 1366 0122 55       		.uleb128 0x55
 1367 0123 17       		.uleb128 0x17
 1368 0124 00       		.byte	0
 1369 0125 00       		.byte	0
 1370 0126 16       		.uleb128 0x16
 1371 0127 01       		.uleb128 0x1
 1372 0128 01       		.byte	0x1
 1373 0129 49       		.uleb128 0x49
 1374 012a 13       		.uleb128 0x13
 1375 012b 01       		.uleb128 0x1
 1376 012c 13       		.uleb128 0x13
 1377 012d 00       		.byte	0
 1378 012e 00       		.byte	0
 1379 012f 17       		.uleb128 0x17
 1380 0130 21       		.uleb128 0x21
 1381 0131 00       		.byte	0
 1382 0132 49       		.uleb128 0x49
 1383 0133 13       		.uleb128 0x13
 1384 0134 2F       		.uleb128 0x2f
 1385 0135 0B       		.uleb128 0xb
 1386 0136 00       		.byte	0
 1387 0137 00       		.byte	0
 1388 0138 18       		.uleb128 0x18
 1389 0139 26       		.uleb128 0x26
 1390 013a 00       		.byte	0
 1391 013b 49       		.uleb128 0x49
 1392 013c 13       		.uleb128 0x13
 1393 013d 00       		.byte	0
 1394 013e 00       		.byte	0
 1395 013f 19       		.uleb128 0x19
 1396 0140 34       		.uleb128 0x34
 1397 0141 00       		.byte	0
 1398 0142 03       		.uleb128 0x3
 1399 0143 0E       		.uleb128 0xe
 1400 0144 3A       		.uleb128 0x3a
 1401 0145 0B       		.uleb128 0xb
 1402 0146 3B       		.uleb128 0x3b
 1403 0147 0B       		.uleb128 0xb
ARM GAS  C:\Users\55ron\AppData\Local\Temp\ccmSKwy2.s 			page 28


 1404 0148 49       		.uleb128 0x49
 1405 0149 13       		.uleb128 0x13
 1406 014a 02       		.uleb128 0x2
 1407 014b 18       		.uleb128 0x18
 1408 014c 00       		.byte	0
 1409 014d 00       		.byte	0
 1410 014e 1A       		.uleb128 0x1a
 1411 014f 0F       		.uleb128 0xf
 1412 0150 00       		.byte	0
 1413 0151 0B       		.uleb128 0xb
 1414 0152 0B       		.uleb128 0xb
 1415 0153 49       		.uleb128 0x49
 1416 0154 13       		.uleb128 0x13
 1417 0155 00       		.byte	0
 1418 0156 00       		.byte	0
 1419 0157 1B       		.uleb128 0x1b
 1420 0158 15       		.uleb128 0x15
 1421 0159 01       		.byte	0x1
 1422 015a 27       		.uleb128 0x27
 1423 015b 19       		.uleb128 0x19
 1424 015c 01       		.uleb128 0x1
 1425 015d 13       		.uleb128 0x13
 1426 015e 00       		.byte	0
 1427 015f 00       		.byte	0
 1428 0160 1C       		.uleb128 0x1c
 1429 0161 05       		.uleb128 0x5
 1430 0162 00       		.byte	0
 1431 0163 49       		.uleb128 0x49
 1432 0164 13       		.uleb128 0x13
 1433 0165 00       		.byte	0
 1434 0166 00       		.byte	0
 1435 0167 1D       		.uleb128 0x1d
 1436 0168 34       		.uleb128 0x34
 1437 0169 00       		.byte	0
 1438 016a 03       		.uleb128 0x3
 1439 016b 0E       		.uleb128 0xe
 1440 016c 3A       		.uleb128 0x3a
 1441 016d 0B       		.uleb128 0xb
 1442 016e 3B       		.uleb128 0x3b
 1443 016f 0B       		.uleb128 0xb
 1444 0170 49       		.uleb128 0x49
 1445 0171 13       		.uleb128 0x13
 1446 0172 00       		.byte	0
 1447 0173 00       		.byte	0
 1448 0174 1E       		.uleb128 0x1e
 1449 0175 15       		.uleb128 0x15
 1450 0176 00       		.byte	0
 1451 0177 27       		.uleb128 0x27
 1452 0178 19       		.uleb128 0x19
 1453 0179 49       		.uleb128 0x49
 1454 017a 13       		.uleb128 0x13
 1455 017b 00       		.byte	0
 1456 017c 00       		.byte	0
 1457 017d 1F       		.uleb128 0x1f
 1458 017e 2E       		.uleb128 0x2e
 1459 017f 00       		.byte	0
 1460 0180 3F       		.uleb128 0x3f
ARM GAS  C:\Users\55ron\AppData\Local\Temp\ccmSKwy2.s 			page 29


 1461 0181 19       		.uleb128 0x19
 1462 0182 3C       		.uleb128 0x3c
 1463 0183 19       		.uleb128 0x19
 1464 0184 6E       		.uleb128 0x6e
 1465 0185 0E       		.uleb128 0xe
 1466 0186 03       		.uleb128 0x3
 1467 0187 0E       		.uleb128 0xe
 1468 0188 3A       		.uleb128 0x3a
 1469 0189 0B       		.uleb128 0xb
 1470 018a 3B       		.uleb128 0x3b
 1471 018b 0B       		.uleb128 0xb
 1472 018c 00       		.byte	0
 1473 018d 00       		.byte	0
 1474 018e 00       		.byte	0
 1475              		.section	.debug_loc,"",%progbits
 1476              	.Ldebug_loc0:
 1477              	.LLST0:
 1478 0000 02000000 		.4byte	.LVL0
 1479 0004 06000000 		.4byte	.LVL1
 1480 0008 0200     		.2byte	0x2
 1481 000a 30       		.byte	0x30
 1482 000b 9F       		.byte	0x9f
 1483 000c 06000000 		.4byte	.LVL1
 1484 0010 12000000 		.4byte	.LVL3
 1485 0014 0100     		.2byte	0x1
 1486 0016 54       		.byte	0x54
 1487 0017 14000000 		.4byte	.LVL4
 1488 001b 18000000 		.4byte	.LVL5
 1489 001f 0100     		.2byte	0x1
 1490 0021 54       		.byte	0x54
 1491 0022 00000000 		.4byte	0
 1492 0026 00000000 		.4byte	0
 1493              	.LLST1:
 1494 002a 02000000 		.4byte	.LVL6
 1495 002e 06000000 		.4byte	.LVL7
 1496 0032 0200     		.2byte	0x2
 1497 0034 30       		.byte	0x30
 1498 0035 9F       		.byte	0x9f
 1499 0036 06000000 		.4byte	.LVL7
 1500 003a 3E000000 		.4byte	.LVL14
 1501 003e 0100     		.2byte	0x1
 1502 0040 56       		.byte	0x56
 1503 0041 40000000 		.4byte	.LVL15
 1504 0045 44000000 		.4byte	.LVL16
 1505 0049 0100     		.2byte	0x1
 1506 004b 56       		.byte	0x56
 1507 004c 00000000 		.4byte	0
 1508 0050 00000000 		.4byte	0
 1509              	.LLST2:
 1510 0054 12000000 		.4byte	.LVL8
 1511 0058 16000000 		.4byte	.LVL9
 1512 005c 0200     		.2byte	0x2
 1513 005e 30       		.byte	0x30
 1514 005f 9F       		.byte	0x9f
 1515 0060 16000000 		.4byte	.LVL9
 1516 0064 2C000000 		.4byte	.LVL11
 1517 0068 0100     		.2byte	0x1
ARM GAS  C:\Users\55ron\AppData\Local\Temp\ccmSKwy2.s 			page 30


 1518 006a 54       		.byte	0x54
 1519 006b 2E000000 		.4byte	.LVL12
 1520 006f 40000000 		.4byte	.LVL15
 1521 0073 0100     		.2byte	0x1
 1522 0075 54       		.byte	0x54
 1523 0076 00000000 		.4byte	0
 1524 007a 00000000 		.4byte	0
 1525              	.LLST3:
 1526 007e 00000000 		.4byte	.LVL17
 1527 0082 08000000 		.4byte	.LVL19
 1528 0086 0100     		.2byte	0x1
 1529 0088 50       		.byte	0x50
 1530 0089 08000000 		.4byte	.LVL19
 1531 008d 2E000000 		.4byte	.LFE32
 1532 0091 0400     		.2byte	0x4
 1533 0093 F3       		.byte	0xf3
 1534 0094 01       		.uleb128 0x1
 1535 0095 50       		.byte	0x50
 1536 0096 9F       		.byte	0x9f
 1537 0097 00000000 		.4byte	0
 1538 009b 00000000 		.4byte	0
 1539              	.LLST4:
 1540 009f 04000000 		.4byte	.LVL18
 1541 00a3 08000000 		.4byte	.LVL19
 1542 00a7 0200     		.2byte	0x2
 1543 00a9 30       		.byte	0x30
 1544 00aa 9F       		.byte	0x9f
 1545 00ab 08000000 		.4byte	.LVL19
 1546 00af 26000000 		.4byte	.LVL23
 1547 00b3 0100     		.2byte	0x1
 1548 00b5 54       		.byte	0x54
 1549 00b6 28000000 		.4byte	.LVL24
 1550 00ba 2C000000 		.4byte	.LVL25
 1551 00be 0100     		.2byte	0x1
 1552 00c0 54       		.byte	0x54
 1553 00c1 00000000 		.4byte	0
 1554 00c5 00000000 		.4byte	0
 1555              	.LLST5:
 1556 00c9 00000000 		.4byte	.LVL26
 1557 00cd 0A000000 		.4byte	.LVL27
 1558 00d1 0100     		.2byte	0x1
 1559 00d3 50       		.byte	0x50
 1560 00d4 0A000000 		.4byte	.LVL27
 1561 00d8 38000000 		.4byte	.LFE33
 1562 00dc 0400     		.2byte	0x4
 1563 00de F3       		.byte	0xf3
 1564 00df 01       		.uleb128 0x1
 1565 00e0 50       		.byte	0x50
 1566 00e1 9F       		.byte	0x9f
 1567 00e2 00000000 		.4byte	0
 1568 00e6 00000000 		.4byte	0
 1569              	.LLST6:
 1570 00ea 00000000 		.4byte	.LVL26
 1571 00ee 13000000 		.4byte	.LVL29-1
 1572 00f2 0100     		.2byte	0x1
 1573 00f4 51       		.byte	0x51
 1574 00f5 13000000 		.4byte	.LVL29-1
ARM GAS  C:\Users\55ron\AppData\Local\Temp\ccmSKwy2.s 			page 31


 1575 00f9 38000000 		.4byte	.LFE33
 1576 00fd 0400     		.2byte	0x4
 1577 00ff F3       		.byte	0xf3
 1578 0100 01       		.uleb128 0x1
 1579 0101 51       		.byte	0x51
 1580 0102 9F       		.byte	0x9f
 1581 0103 00000000 		.4byte	0
 1582 0107 00000000 		.4byte	0
 1583              	.LLST7:
 1584 010b 00000000 		.4byte	.LVL26
 1585 010f 13000000 		.4byte	.LVL29-1
 1586 0113 0100     		.2byte	0x1
 1587 0115 52       		.byte	0x52
 1588 0116 13000000 		.4byte	.LVL29-1
 1589 011a 38000000 		.4byte	.LFE33
 1590 011e 0400     		.2byte	0x4
 1591 0120 F3       		.byte	0xf3
 1592 0121 01       		.uleb128 0x1
 1593 0122 52       		.byte	0x52
 1594 0123 9F       		.byte	0x9f
 1595 0124 00000000 		.4byte	0
 1596 0128 00000000 		.4byte	0
 1597              	.LLST8:
 1598 012c 10000000 		.4byte	.LVL28
 1599 0130 13000000 		.4byte	.LVL29-1
 1600 0134 0100     		.2byte	0x1
 1601 0136 50       		.byte	0x50
 1602 0137 00000000 		.4byte	0
 1603 013b 00000000 		.4byte	0
 1604              	.LLST9:
 1605 013f 1A000000 		.4byte	.LVL30
 1606 0143 25000000 		.4byte	.LVL32-1
 1607 0147 0100     		.2byte	0x1
 1608 0149 50       		.byte	0x50
 1609 014a 00000000 		.4byte	0
 1610 014e 00000000 		.4byte	0
 1611              	.LLST10:
 1612 0152 20000000 		.4byte	.LVL39
 1613 0156 24000000 		.4byte	.LVL40
 1614 015a 0200     		.2byte	0x2
 1615 015c 30       		.byte	0x30
 1616 015d 9F       		.byte	0x9f
 1617 015e 24000000 		.4byte	.LVL40
 1618 0162 60000000 		.4byte	.LVL48
 1619 0166 0100     		.2byte	0x1
 1620 0168 55       		.byte	0x55
 1621 0169 62000000 		.4byte	.LVL49
 1622 016d 80000000 		.4byte	.LFE36
 1623 0171 0100     		.2byte	0x1
 1624 0173 55       		.byte	0x55
 1625 0174 00000000 		.4byte	0
 1626 0178 00000000 		.4byte	0
 1627              	.LLST11:
 1628 017c 24000000 		.4byte	.LVL40
 1629 0180 54000000 		.4byte	.LVL44
 1630 0184 0100     		.2byte	0x1
 1631 0186 54       		.byte	0x54
ARM GAS  C:\Users\55ron\AppData\Local\Temp\ccmSKwy2.s 			page 32


 1632 0187 56000000 		.4byte	.LVL45
 1633 018b 58000000 		.4byte	.LVL46
 1634 018f 0100     		.2byte	0x1
 1635 0191 54       		.byte	0x54
 1636 0192 5A000000 		.4byte	.LVL47
 1637 0196 62000000 		.4byte	.LVL49
 1638 019a 0100     		.2byte	0x1
 1639 019c 54       		.byte	0x54
 1640 019d 00000000 		.4byte	0
 1641 01a1 00000000 		.4byte	0
 1642              	.LLST12:
 1643 01a5 40000000 		.4byte	.LVL41
 1644 01a9 4B000000 		.4byte	.LVL42-1
 1645 01ad 0100     		.2byte	0x1
 1646 01af 51       		.byte	0x51
 1647 01b0 4B000000 		.4byte	.LVL42-1
 1648 01b4 52000000 		.4byte	.LVL43
 1649 01b8 1000     		.2byte	0x10
 1650 01ba 75       		.byte	0x75
 1651 01bb 00       		.sleb128 0
 1652 01bc 31       		.byte	0x31
 1653 01bd 24       		.byte	0x24
 1654 01be 74       		.byte	0x74
 1655 01bf 00       		.sleb128 0
 1656 01c0 22       		.byte	0x22
 1657 01c1 75       		.byte	0x75
 1658 01c2 00       		.sleb128 0
 1659 01c3 22       		.byte	0x22
 1660 01c4 03       		.byte	0x3
 1661 01c5 28000000 		.4byte	.LANCHOR0+40
 1662 01c9 22       		.byte	0x22
 1663 01ca 00000000 		.4byte	0
 1664 01ce 00000000 		.4byte	0
 1665              		.section	.debug_aranges,"",%progbits
 1666 0000 3C000000 		.4byte	0x3c
 1667 0004 0200     		.2byte	0x2
 1668 0006 00000000 		.4byte	.Ldebug_info0
 1669 000a 04       		.byte	0x4
 1670 000b 00       		.byte	0
 1671 000c 0000     		.2byte	0
 1672 000e 0000     		.2byte	0
 1673 0010 00000000 		.4byte	.LFB34
 1674 0014 20000000 		.4byte	.LFE34-.LFB34
 1675 0018 00000000 		.4byte	.LFB35
 1676 001c 50000000 		.4byte	.LFE35-.LFB35
 1677 0020 00000000 		.4byte	.LFB32
 1678 0024 2E000000 		.4byte	.LFE32-.LFB32
 1679 0028 00000000 		.4byte	.LFB33
 1680 002c 38000000 		.4byte	.LFE33-.LFB33
 1681 0030 00000000 		.4byte	.LFB36
 1682 0034 80000000 		.4byte	.LFE36-.LFB36
 1683 0038 00000000 		.4byte	0
 1684 003c 00000000 		.4byte	0
 1685              		.section	.debug_ranges,"",%progbits
 1686              	.Ldebug_ranges0:
 1687 0000 24000000 		.4byte	.LBB7
 1688 0004 58000000 		.4byte	.LBE7
ARM GAS  C:\Users\55ron\AppData\Local\Temp\ccmSKwy2.s 			page 33


 1689 0008 5A000000 		.4byte	.LBB9
 1690 000c 5E000000 		.4byte	.LBE9
 1691 0010 00000000 		.4byte	0
 1692 0014 00000000 		.4byte	0
 1693 0018 00000000 		.4byte	.LFB34
 1694 001c 20000000 		.4byte	.LFE34
 1695 0020 00000000 		.4byte	.LFB35
 1696 0024 50000000 		.4byte	.LFE35
 1697 0028 00000000 		.4byte	.LFB32
 1698 002c 2E000000 		.4byte	.LFE32
 1699 0030 00000000 		.4byte	.LFB33
 1700 0034 38000000 		.4byte	.LFE33
 1701 0038 00000000 		.4byte	.LFB36
 1702 003c 80000000 		.4byte	.LFE36
 1703 0040 00000000 		.4byte	0
 1704 0044 00000000 		.4byte	0
 1705              		.section	.debug_line,"",%progbits
 1706              	.Ldebug_line0:
 1707 0000 3C020000 		.section	.debug_str,"MS",%progbits,1
 1707      02005901 
 1707      00000201 
 1707      FB0E0D00 
 1707      01010101 
 1708              	.LASF30:
 1709 0000 6B657953 		.ascii	"keyState\000"
 1709      74617465 
 1709      00
 1710              	.LASF0:
 1711 0009 5F5F696E 		.ascii	"__int8_t\000"
 1711      74385F74 
 1711      00
 1712              	.LASF1:
 1713 0012 5F5F7569 		.ascii	"__uint8_t\000"
 1713      6E74385F 
 1713      7400
 1714              	.LASF24:
 1715 001c 76616C75 		.ascii	"value\000"
 1715      6500
 1716              	.LASF40:
 1717 0022 593A5C50 		.ascii	"Y:\\Psoc_Project\\Lab4\\Lab4.cydsn\000"
 1717      736F635F 
 1717      50726F6A 
 1717      6563745C 
 1717      4C616234 
 1718              	.LASF6:
 1719 0042 6C6F6E67 		.ascii	"long int\000"
 1719      20696E74 
 1719      00
 1720              	.LASF5:
 1721 004b 73686F72 		.ascii	"short unsigned int\000"
 1721      7420756E 
 1721      7369676E 
 1721      65642069 
 1721      6E7400
 1722              	.LASF34:
 1723 005e 50696E5F 		.ascii	"Pin_Latch_Write\000"
 1723      4C617463 
ARM GAS  C:\Users\55ron\AppData\Local\Temp\ccmSKwy2.s 			page 34


 1723      685F5772 
 1723      69746500 
 1724              	.LASF20:
 1725 006e 7363616E 		.ascii	"scanMatrix\000"
 1725      4D617472 
 1725      697800
 1726              	.LASF37:
 1727 0079 43794465 		.ascii	"CyDelay\000"
 1727      6C617900 
 1728              	.LASF14:
 1729 0081 666C6F61 		.ascii	"float\000"
 1729      7400
 1730              	.LASF11:
 1731 0087 696E7438 		.ascii	"int8_t\000"
 1731      5F7400
 1732              	.LASF33:
 1733 008e 50696E5F 		.ascii	"Pin_CLK_Write\000"
 1733      434C4B5F 
 1733      57726974 
 1733      6500
 1734              	.LASF3:
 1735 009c 756E7369 		.ascii	"unsigned char\000"
 1735      676E6564 
 1735      20636861 
 1735      7200
 1736              	.LASF7:
 1737 00aa 6C6F6E67 		.ascii	"long unsigned int\000"
 1737      20756E73 
 1737      69676E65 
 1737      6420696E 
 1737      7400
 1738              	.LASF13:
 1739 00bc 75696E74 		.ascii	"uint8\000"
 1739      3800
 1740              	.LASF19:
 1741 00c2 696E6974 		.ascii	"initMatrix\000"
 1741      4D617472 
 1741      697800
 1742              	.LASF15:
 1743 00cd 646F7562 		.ascii	"double\000"
 1743      6C6500
 1744              	.LASF41:
 1745 00d4 6D61696E 		.ascii	"main\000"
 1745      00
 1746              	.LASF36:
 1747 00d9 53575F54 		.ascii	"SW_Tx_UART_Start\000"
 1747      785F5541 
 1747      52545F53 
 1747      74617274 
 1747      00
 1748              	.LASF35:
 1749 00ea 53575F54 		.ascii	"SW_Tx_UART_PutString\000"
 1749      785F5541 
 1749      52545F50 
 1749      75745374 
 1749      72696E67 
 1750              	.LASF10:
ARM GAS  C:\Users\55ron\AppData\Local\Temp\ccmSKwy2.s 			page 35


 1751 00ff 756E7369 		.ascii	"unsigned int\000"
 1751      676E6564 
 1751      20696E74 
 1751      00
 1752              	.LASF9:
 1753 010c 6C6F6E67 		.ascii	"long long unsigned int\000"
 1753      206C6F6E 
 1753      6720756E 
 1753      7369676E 
 1753      65642069 
 1754              	.LASF12:
 1755 0123 75696E74 		.ascii	"uint8_t\000"
 1755      385F7400 
 1756              	.LASF25:
 1757 012b 706F734D 		.ascii	"posMask\000"
 1757      61736B00 
 1758              	.LASF21:
 1759 0133 73686966 		.ascii	"shiftOut\000"
 1759      744F7574 
 1759      00
 1760              	.LASF38:
 1761 013c 474E5520 		.ascii	"GNU C11 5.4.1 20160609 (release) [ARM/embedded-5-br"
 1761      43313120 
 1761      352E342E 
 1761      31203230 
 1761      31363036 
 1762 016f 616E6368 		.ascii	"anch revision 237715] -mcpu=cortex-m0 -mthumb -g -O"
 1762      20726576 
 1762      6973696F 
 1762      6E203233 
 1762      37373135 
 1763 01a2 67202D66 		.ascii	"g -ffunction-sections -ffat-lto-objects\000"
 1763      66756E63 
 1763      74696F6E 
 1763      2D736563 
 1763      74696F6E 
 1764              	.LASF29:
 1765 01ca 726F7752 		.ascii	"rowRead\000"
 1765      65616400 
 1766              	.LASF17:
 1767 01d2 73697A65 		.ascii	"sizetype\000"
 1767      74797065 
 1767      00
 1768              	.LASF28:
 1769 01db 636F6C4D 		.ascii	"colMode\000"
 1769      6F646500 
 1770              	.LASF26:
 1771 01e3 70617474 		.ascii	"pattern\000"
 1771      65726E00 
 1772              	.LASF8:
 1773 01eb 6C6F6E67 		.ascii	"long long int\000"
 1773      206C6F6E 
 1773      6720696E 
 1773      7400
 1774              	.LASF27:
 1775 01f9 7365674D 		.ascii	"segMap\000"
 1775      617000
ARM GAS  C:\Users\55ron\AppData\Local\Temp\ccmSKwy2.s 			page 36


 1776              	.LASF16:
 1777 0200 63686172 		.ascii	"char\000"
 1777      00
 1778              	.LASF23:
 1779 0205 696E6465 		.ascii	"index\000"
 1779      7800
 1780              	.LASF32:
 1781 020b 50696E5F 		.ascii	"Pin_DO_Write\000"
 1781      444F5F57 
 1781      72697465 
 1781      00
 1782              	.LASF4:
 1783 0218 73686F72 		.ascii	"short int\000"
 1783      7420696E 
 1783      7400
 1784              	.LASF22:
 1785 0222 64697370 		.ascii	"displayDigit\000"
 1785      6C617944 
 1785      69676974 
 1785      00
 1786              	.LASF18:
 1787 022f 6C6F6E67 		.ascii	"long double\000"
 1787      20646F75 
 1787      626C6500 
 1788              	.LASF2:
 1789 023b 7369676E 		.ascii	"signed char\000"
 1789      65642063 
 1789      68617200 
 1790              	.LASF42:
 1791 0247 636F6C57 		.ascii	"colWrite\000"
 1791      72697465 
 1791      00
 1792              	.LASF39:
 1793 0250 6D61696E 		.ascii	"main.c\000"
 1793      2E6300
 1794              	.LASF31:
 1795 0257 6B65794D 		.ascii	"keyMap\000"
 1795      617000
 1796              		.ident	"GCC: (GNU Tools for ARM Embedded Processors) 5.4.1 20160609 (release) [ARM/embedded-5-bran
